---
source: crates/benday-core/tests/corpus.rs
expression: snapshot
---
{
  "size": {
    "columns": 75,
    "rows": 15
  },
  "plot": {
    "x": 3,
    "y": 0,
    "w": 72,
    "h": 13
  },
  "chrome": {
    "axis": "#6a707a",
    "title": "#dee2e8"
  },
  "title": null,
  "legend": [],
  "y_axis": {
    "domain": [
      0.0,
      15.0
    ],
    "step": 5.0,
    "ticks": [
      {
        "value": 0.0,
        "frac": 0.0,
        "label": "0",
        "row": 12
      },
      {
        "value": 5.0,
        "frac": 0.3333333333333333,
        "label": "5",
        "row": 8
      },
      {
        "value": 10.0,
        "frac": 0.6666666666666666,
        "label": "10",
        "row": 4
      },
      {
        "value": 15.0,
        "frac": 1.0,
        "label": "15",
        "row": 0
      }
    ]
  },
  "x_axis": {
    "categories": null,
    "domain": [
      0.0,
      4.0
    ],
    "tick_cols": [
      0,
      9,
      18,
      27,
      36,
      44,
      53,
      62,
      71
    ],
    "labels": [
      {
        "text": "0.0",
        "col": 2,
        "row": 14
      },
      {
        "text": "0.5",
        "col": 11,
        "row": 14
      },
      {
        "text": "1.0",
        "col": 20,
        "row": 14
      },
      {
        "text": "1.5",
        "col": 29,
        "row": 14
      },
      {
        "text": "2.0",
        "col": 38,
        "row": 14
      },
      {
        "text": "2.5",
        "col": 46,
        "row": 14
      },
      {
        "text": "3.0",
        "col": 55,
        "row": 14
      },
      {
        "text": "3.5",
        "col": 64,
        "row": 14
      },
      {
        "text": "4.0",
        "col": 72,
        "row": 14
      }
    ]
  },
  "marks": [
    {
      "Fill": {
        "series": {
          "name": null,
          "color": "#00d5ef"
        },
        "points": [
          [
            0.0,
            0.7333333333333334
          ],
          [
            0.25,
            0.4
          ],
          [
            0.5,
            0.6
          ],
          [
            0.75,
            0.1333333333333333
          ],
          [
            1.0,
            0.33333333333333337
          ]
        ]
      }
    }
  ],
  "dropped_rows": 0,
  "source": {
    "mark": "area",
    "x_field": "t",
    "y_field": "v",
    "aggregate": null,
    "series_points": [
      5
    ],
    "data_source": "inline_values",
    "truncated": null,
    "total_rows": null
  }
}
