---
source: crates/benday-core/tests/corpus.rs
expression: snapshot
---
{
  "size": {
    "columns": 76,
    "rows": 9
  },
  "plot": {
    "x": 4,
    "y": 0,
    "w": 72,
    "h": 7
  },
  "chrome": {
    "axis": "#6a707a",
    "title": "#dee2e8"
  },
  "title": null,
  "legend": [],
  "y_axis": {
    "domain": [
      0.0,
      200.0
    ],
    "step": 100.0,
    "ticks": [
      {
        "value": 0.0,
        "frac": 0.0,
        "label": "0",
        "row": 6
      },
      {
        "value": 100.0,
        "frac": 0.5,
        "label": "100",
        "row": 3
      },
      {
        "value": 200.0,
        "frac": 1.0,
        "label": "200",
        "row": 0
      }
    ]
  },
  "x_axis": {
    "categories": [
      "a",
      "b"
    ],
    "domain": null,
    "tick_cols": [],
    "labels": [
      {
        "text": "a",
        "col": 22,
        "row": 8
      },
      {
        "text": "b",
        "col": 58,
        "row": 8
      }
    ]
  },
  "marks": [
    {
      "Bars": {
        "bars": [
          {
            "x0": 0.08333333333333333,
            "y0": 0.19999999999999996,
            "w": 0.3472222222222222,
            "h": 0.8,
            "color": "#d2cd51"
          },
          {
            "x0": 0.5833333333333334,
            "y0": 0.8,
            "w": 0.3472222222222222,
            "h": 0.2,
            "color": "#00bfcb"
          }
        ],
        "direction": "vertical"
      }
    }
  ],
  "dropped_rows": 0,
  "source": {
    "mark": "bar",
    "x_field": "m",
    "y_field": "v",
    "aggregate": "sum",
    "series_points": [
      1,
      1
    ],
    "data_source": "inline_values",
    "truncated": null,
    "total_rows": null
  }
}
