---
source: crates/benday-core/tests/corpus.rs
expression: snapshot
---
{
  "size": {
    "columns": 75,
    "rows": 15
  },
  "plot": {
    "x": 3,
    "y": 0,
    "w": 72,
    "h": 13
  },
  "chrome": {
    "axis": "#6a707a",
    "title": "#dee2e8"
  },
  "title": null,
  "legend": [],
  "y_axis": {
    "domain": [
      0.0,
      15.0
    ],
    "step": 5.0,
    "ticks": [
      {
        "value": 0.0,
        "frac": 0.0,
        "label": "0",
        "row": 12
      },
      {
        "value": 5.0,
        "frac": 0.3333333333333333,
        "label": "5",
        "row": 8
      },
      {
        "value": 10.0,
        "frac": 0.6666666666666666,
        "label": "10",
        "row": 4
      },
      {
        "value": 15.0,
        "frac": 1.0,
        "label": "15",
        "row": 0
      }
    ]
  },
  "x_axis": {
    "categories": [
      "a",
      "b"
    ],
    "domain": null,
    "tick_cols": [],
    "labels": [
      {
        "text": "a",
        "col": 21,
        "row": 14
      },
      {
        "text": "b",
        "col": 57,
        "row": 14
      }
    ]
  },
  "marks": [
    {
      "Bars": {
        "bars": [
          {
            "x0": 0.08333333333333333,
            "y0": 0.8,
            "w": 0.3472222222222222,
            "h": 0.2,
            "color": "#00bfcb"
          },
          {
            "x0": 0.5833333333333334,
            "y0": 0.0,
            "w": 0.3472222222222222,
            "h": 1.0,
            "color": "#ffc151"
          }
        ],
        "direction": "vertical"
      }
    }
  ],
  "dropped_rows": 0,
  "source": {
    "mark": "bar",
    "x_field": "g",
    "y_field": "v",
    "aggregate": "median",
    "series_points": [
      3,
      2
    ],
    "data_source": "inline_values",
    "truncated": null,
    "total_rows": null
  }
}
