---
source: crates/benday-core/tests/corpus.rs
expression: snapshot
---
{
  "size": {
    "columns": 74,
    "rows": 15
  },
  "plot": {
    "x": 2,
    "y": 0,
    "w": 72,
    "h": 13
  },
  "chrome": {
    "axis": "#6a707a",
    "title": "#dee2e8"
  },
  "title": null,
  "legend": [],
  "y_axis": {
    "domain": [
      0.0,
      8.0
    ],
    "step": 2.0,
    "ticks": [
      {
        "value": 0.0,
        "frac": 0.0,
        "label": "0",
        "row": 12
      },
      {
        "value": 2.0,
        "frac": 0.25,
        "label": "2",
        "row": 9
      },
      {
        "value": 4.0,
        "frac": 0.5,
        "label": "4",
        "row": 6
      },
      {
        "value": 6.0,
        "frac": 0.75,
        "label": "6",
        "row": 3
      },
      {
        "value": 8.0,
        "frac": 1.0,
        "label": "8",
        "row": 0
      }
    ]
  },
  "x_axis": {
    "categories": [
      "jan",
      "feb",
      "mar"
    ],
    "domain": null,
    "tick_cols": [],
    "labels": [
      {
        "text": "jan",
        "col": 13,
        "row": 14
      },
      {
        "text": "feb",
        "col": 37,
        "row": 14
      },
      {
        "text": "mar",
        "col": 61,
        "row": 14
      }
    ]
  },
  "marks": [
    {
      "Bars": {
        "bars": [
          {
            "x0": 0.05555555555555555,
            "y0": 0.625,
            "w": 0.2222222222222222,
            "h": 0.375,
            "color": "#35ccac"
          },
          {
            "x0": 0.3888888888888889,
            "y0": 0.125,
            "w": 0.2222222222222222,
            "h": 0.875,
            "color": "#e8c949"
          },
          {
            "x0": 0.7222222222222222,
            "y0": 0.375,
            "w": 0.2222222222222222,
            "h": 0.625,
            "color": "#96d274"
          }
        ],
        "direction": "vertical"
      }
    }
  ],
  "dropped_rows": 0,
  "source": {
    "mark": "bar",
    "x_field": "m",
    "y_field": "v",
    "aggregate": "sum",
    "series_points": [
      1,
      1,
      1
    ],
    "data_source": "inline_values",
    "truncated": null,
    "total_rows": null
  }
}
