---
source: crates/benday-core/tests/corpus.rs
expression: snapshot
---
{
  "size": {
    "columns": 63,
    "rows": 12
  },
  "plot": {
    "x": 3,
    "y": 0,
    "w": 60,
    "h": 10
  },
  "chrome": {
    "axis": "#6a707a",
    "title": "#dee2e8"
  },
  "title": null,
  "legend": [],
  "y_axis": {
    "domain": [
      0.0,
      80.0
    ],
    "step": 80.0,
    "ticks": [
      {
        "value": 0.0,
        "frac": 0.0,
        "label": "0",
        "row": 9
      },
      {
        "value": 80.0,
        "frac": 1.0,
        "label": "80",
        "row": 0
      }
    ]
  },
  "x_axis": {
    "categories": [
      "mon",
      "tue",
      "wed"
    ],
    "domain": null,
    "tick_cols": [],
    "labels": [
      {
        "text": "mon",
        "col": 12,
        "row": 11
      },
      {
        "text": "tue",
        "col": 32,
        "row": 11
      },
      {
        "text": "wed",
        "col": 52,
        "row": 11
      }
    ]
  },
  "marks": [
    {
      "Bars": {
        "bars": [
          {
            "x0": 0.05,
            "w": 0.23333333333333334,
            "h": 0.4,
            "color": "#3fcda7"
          },
          {
            "x0": 0.38333333333333336,
            "w": 0.23333333333333334,
            "h": 0.975,
            "color": "#ffc34d"
          },
          {
            "x0": 0.7166666666666667,
            "w": 0.23333333333333334,
            "h": 0.6375,
            "color": "#9bd171"
          }
        ]
      }
    }
  ],
  "dropped_rows": 0,
  "source": {
    "mark": "bar",
    "x_field": "day",
    "y_field": "n",
    "aggregate": "sum",
    "series_points": [
      1,
      1,
      1
    ],
    "data_source": "inline_columns",
    "truncated": null,
    "total_rows": null
  }
}
