---
source: crates/benday-core/tests/corpus.rs
expression: snapshot
---
{
  "size": {
    "columns": 63,
    "rows": 12
  },
  "plot": {
    "x": 3,
    "y": 0,
    "w": 60,
    "h": 10
  },
  "chrome": {
    "axis": "#6a707a",
    "title": "#dee2e8"
  },
  "title": null,
  "legend": [],
  "y_axis": {
    "domain": [
      5.0,
      40.0
    ],
    "step": 35.0,
    "ticks": [
      {
        "value": 5.0,
        "frac": 0.0,
        "label": "5",
        "row": 9
      },
      {
        "value": 40.0,
        "frac": 1.0,
        "label": "40",
        "row": 0
      }
    ]
  },
  "x_axis": {
    "categories": [
      "open",
      "click",
      "buy"
    ],
    "domain": null,
    "tick_cols": [
      0,
      30,
      59
    ],
    "labels": [
      {
        "text": "open",
        "col": 1,
        "row": 11
      },
      {
        "text": "click",
        "col": 31,
        "row": 11
      },
      {
        "text": "buy",
        "col": 60,
        "row": 11
      }
    ]
  },
  "marks": [
    {
      "Path": {
        "series": {
          "name": null,
          "color": "#00d5ef"
        },
        "points": [
          [
            0.0,
            0.0
          ],
          [
            0.5,
            0.5142857142857142
          ],
          [
            1.0,
            0.9142857142857143
          ]
        ]
      }
    }
  ],
  "dropped_rows": 0,
  "source": {
    "mark": "line",
    "x_field": "stage",
    "y_field": "n",
    "aggregate": null,
    "series_points": [
      3
    ],
    "data_source": "inline_values",
    "truncated": null,
    "total_rows": null
  }
}
