---
source: crates/benday-core/tests/corpus.rs
expression: snapshot
---
{
  "size": {
    "columns": 75,
    "rows": 15
  },
  "plot": {
    "x": 3,
    "y": 0,
    "w": 72,
    "h": 13
  },
  "chrome": {
    "axis": "#6a707a",
    "title": "#dee2e8"
  },
  "title": null,
  "legend": [],
  "y_axis": {
    "domain": [
      0.0,
      40.0
    ],
    "step": 10.0,
    "ticks": [
      {
        "value": 0.0,
        "frac": 0.0,
        "label": "0",
        "row": 12
      },
      {
        "value": 10.0,
        "frac": 0.25,
        "label": "10",
        "row": 9
      },
      {
        "value": 20.0,
        "frac": 0.5,
        "label": "20",
        "row": 6
      },
      {
        "value": 30.0,
        "frac": 0.75,
        "label": "30",
        "row": 3
      },
      {
        "value": 40.0,
        "frac": 1.0,
        "label": "40",
        "row": 0
      }
    ]
  },
  "x_axis": {
    "categories": [
      "open",
      "click",
      "buy"
    ],
    "domain": null,
    "tick_cols": [
      0,
      36,
      71
    ],
    "labels": [
      {
        "text": "open",
        "col": 1,
        "row": 14
      },
      {
        "text": "click",
        "col": 37,
        "row": 14
      },
      {
        "text": "buy",
        "col": 72,
        "row": 14
      }
    ]
  },
  "marks": [
    {
      "Path": {
        "series": {
          "name": null,
          "color": "#00d5ef"
        },
        "points": [
          [
            0.0,
            0.0
          ],
          [
            0.5,
            0.44999999999999996
          ],
          [
            1.0,
            0.8
          ]
        ]
      }
    }
  ],
  "dropped_rows": 0,
  "source": {
    "mark": "line",
    "x_field": "stage",
    "y_field": "n",
    "aggregate": null,
    "series_points": [
      3
    ],
    "data_source": "inline_values",
    "truncated": null,
    "total_rows": null
  }
}
