---
source: crates/benday-core/tests/corpus.rs
expression: snapshot
---
{
  "size": {
    "columns": 62,
    "rows": 12
  },
  "plot": {
    "x": 2,
    "y": 0,
    "w": 60,
    "h": 10
  },
  "chrome": {
    "axis": "#6a707a",
    "title": "#dee2e8"
  },
  "title": null,
  "legend": [],
  "y_axis": {
    "domain": [
      3.0,
      4.0
    ],
    "step": 1.0,
    "ticks": [
      {
        "value": 3.0,
        "frac": 0.0,
        "label": "3",
        "row": 9
      },
      {
        "value": 4.0,
        "frac": 1.0,
        "label": "4",
        "row": 0
      }
    ]
  },
  "x_axis": {
    "categories": null,
    "domain": [
      5.0,
      6.0
    ],
    "tick_cols": [
      0,
      12,
      24,
      35,
      47,
      59
    ],
    "labels": [
      {
        "text": "5.0",
        "col": 1,
        "row": 11
      },
      {
        "text": "5.2",
        "col": 13,
        "row": 11
      },
      {
        "text": "5.4",
        "col": 25,
        "row": 11
      },
      {
        "text": "5.6",
        "col": 36,
        "row": 11
      },
      {
        "text": "5.8",
        "col": 48,
        "row": 11
      },
      {
        "text": "6.0",
        "col": 59,
        "row": 11
      }
    ]
  },
  "marks": [
    {
      "Path": {
        "series": {
          "name": null,
          "color": "#00d5ef"
        },
        "points": [
          [
            0.0,
            1.0
          ]
        ]
      }
    }
  ],
  "dropped_rows": 0,
  "source": {
    "mark": "line",
    "x_field": "x",
    "y_field": "y",
    "aggregate": null,
    "series_points": [
      1
    ],
    "data_source": "inline_values",
    "truncated": null,
    "total_rows": null
  }
}
