---
source: crates/benday-core/tests/gallery.rs
expression: bundle
---
6┤                                                         ▂𜴐𜴁
 │                                                      𜵑𜴐𜴁
 │                                                   𜵑𜴐🮂
4┤                 𜺠𜵑𜴐𜴆𜴧𜶀▂                        𜵑𜴐🮂
 │             𜺠𜵑𜴐𜴁𜺨      🮂𜴄𜴆𜴧𜶀▂              𜺠𜵑𜴐🮂
 │         𜺠𜵑𜴐𜴁𜺨                🮂𜴄𜴆𜴧𜶀▂     𜺠𜵑𜴆𜺨
2┤     𜺠𜵑𜴐𜴁𜺨                          🮂𜴄𜴆𜴧𜴆𜺨
 │ 𜺠𜵑𜴐𜴁𜺨
 │𜴁𜺨
0┤
 └┴─────────┴─────────┴─────────┴────────┴─────────┴─────────┴
 0.0       0.5       1.0       1.5      2.0       2.5      3.0

--- meta ---
{
  "dropped_rows": 0,
  "mark": "line",
  "series": [
    {
      "color": "#00d5ef",
      "name": "",
      "points": 4
    }
  ],
  "size": {
    "columns": 62,
    "rows": 12
  },
  "x": {
    "domain": [
      0.0,
      3.0
    ],
    "field": "x",
    "type": "quantitative"
  },
  "y": {
    "domain": [
      0.0,
      6.0
    ],
    "field": "y"
  }
}
