---
source: crates/benday-core/tests/gallery.rs
expression: bundle
---
3┤   ⣿⣿⣿⣿⣿⣿⣿⣿⣿⣿⣿⣿⣿⣿
 │   ⣿⣿⣿⣿⣿⣿⣿⣿⣿⣿⣿⣿⣿⣿
 │   ⣿⣿⣿⣿⣿⣿⣿⣿⣿⣿⣿⣿⣿⣿
2┤   ⣿⣿⣿⣿⣿⣿⣿⣿⣿⣿⣿⣿⣿⣿
 │   ⣿⣿⣿⣿⣿⣿⣿⣿⣿⣿⣿⣿⣿⣿
 │   ⣿⣿⣿⣿⣿⣿⣿⣿⣿⣿⣿⣿⣿⣿
1┤   ⣿⣿⣿⣿⣿⣿⣿⣿⣿⣿⣿⣿⣿⣿      ⣀⣀⣀⣀⣀⣀⣀⣀⣀⣀⣀⣀⣀⣀      ⣀⣀⣀⣀⣀⣀⣀⣀⣀⣀⣀⣀⣀⣀
 │   ⣿⣿⣿⣿⣿⣿⣿⣿⣿⣿⣿⣿⣿⣿      ⣿⣿⣿⣿⣿⣿⣿⣿⣿⣿⣿⣿⣿⣿      ⣿⣿⣿⣿⣿⣿⣿⣿⣿⣿⣿⣿⣿⣿
 │   ⣿⣿⣿⣿⣿⣿⣿⣿⣿⣿⣿⣿⣿⣿      ⣿⣿⣿⣿⣿⣿⣿⣿⣿⣿⣿⣿⣿⣿      ⣿⣿⣿⣿⣿⣿⣿⣿⣿⣿⣿⣿⣿⣿
0┤   ⣿⣿⣿⣿⣿⣿⣿⣿⣿⣿⣿⣿⣿⣿      ⣿⣿⣿⣿⣿⣿⣿⣿⣿⣿⣿⣿⣿⣿      ⣿⣿⣿⣿⣿⣿⣿⣿⣿⣿⣿⣿⣿⣿
 └────────────────────────────────────────────────────────────
            a                   b                   c

--- meta ---
{
  "dropped_rows": 0,
  "mark": "bar",
  "size": {
    "columns": 62,
    "rows": 12
  },
  "x": {
    "categories": [
      "a",
      "b",
      "c"
    ],
    "field": "k",
    "type": "nominal"
  },
  "y": {
    "aggregate": "count",
    "domain": [
      0.0,
      3.0
    ],
    "field": "k"
  }
}
